Blocked access to external URL http://dart.googlecode.com/svn/branches/bleeding_edge/dart/client/dart.js
Blocked access to external URL http://dart.googlecode.com/svn/branches/bleeding_edge/dart/client/dart.js
Content-Type: text/plain
layer at (0,0) size 800x600
  RenderView at (0,0) size 800x600
layer at (0,0) size 800x179
  RenderBlock {HTML} at (0,0) size 800x179
    RenderBody {BODY} at (8,16) size 784x150
      RenderBlock {P} at (0,0) size 784x19
        RenderText {#text} at (0,0) size 249x18
          text run at (0,0) width 249: "The href of these links should match:"
      RenderBlock (anonymous) at (0,35) size 784x19
        RenderInline {A} at (0,0) size 52x18 [color=#0000EE]
          RenderText {#text} at (0,0) size 52x18
            text run at (0,0) width 52: "first link"
        RenderText {#text} at (52,0) size 4x18
          text run at (52,0) width 4: " "
        RenderInline {A} at (0,0) size 78x18 [color=#0000EE]
          RenderText {#text} at (56,0) size 78x18
            text run at (56,0) width 78: "second link"
        RenderText {#text} at (0,0) size 0x0
      RenderBlock {P} at (0,70) size 784x19
        RenderText {#text} at (0,0) size 177x18
          text run at (0,0) width 177: "Here are the hrefs as text:"
      RenderBlock (anonymous) at (0,105) size 784x0
        RenderText {#text} at (0,0) size 0x0
        RenderText {#text} at (0,0) size 0x0
      RenderBlock {PRE} at (0,105) size 784x16
        RenderText {#text} at (0,0) size 408x16
          text run at (0,0) width 408: "#The \"quick\" \\brown $fox jumps over the 'lazy' dog."
      RenderBlock (anonymous) at (0,134) size 784x0
        RenderText {#text} at (0,0) size 0x0
      RenderBlock {PRE} at (0,134) size 784x16
        RenderText {#text} at (0,0) size 408x16
          text run at (0,0) width 408: "#The \"quick\" \\brown $fox jumps over the 'lazy' dog."
      RenderBlock (anonymous) at (0,163) size 784x0
        RenderText {#text} at (0,0) size 0x0
#EOF
