Blocked access to external URL http://dart.googlecode.com/svn/branches/bleeding_edge/dart/client/dart.js
Blocked access to external URL http://dart.googlecode.com/svn/branches/bleeding_edge/dart/client/dart.js
Content-Type: text/plain
layer at (0,0) size 800x600
  RenderView at (0,0) size 800x600
layer at (0,0) size 800x36
  RenderBlock {HTML} at (0,0) size 800x36
    RenderBody {BODY} at (8,8) size 784x20
      RenderBlock {DIV} at (0,0) size 784x0
      RenderBlock (anonymous) at (0,0) size 784x20
        RenderText {#text} at (0,0) size 211x19
          text run at (0,0) width 211: "expected data-hi to be \"hi\", got \"hi\""
#EOF
