Blocked access to external URL http://dart.googlecode.com/svn/branches/bleeding_edge/dart/client/dart.js
Blocked access to external URL http://dart.googlecode.com/svn/branches/bleeding_edge/dart/client/dart.js
Content-Type: text/plain
layer at (0,0) size 800x600
  RenderView at (0,0) size 800x600
layer at (0,0) size 800x35
  RenderBlock {HTML} at (0,0) size 800x35
    RenderBody {BODY} at (8,8) size 784x19
      RenderBlock {DIV} at (0,0) size 784x19
        RenderBlock {DIV} at (0,0) size 784x19
          RenderText {#text} at (0,0) size 98x18
            text run at (0,0) width 98: "Expect 'hello': "
          RenderText {#text} at (98,0) size 32x18
            text run at (98,0) width 32: "hello"
#EOF
