Blocked access to external URL http://dart.googlecode.com/svn/branches/bleeding_edge/dart/client/dart.js
Blocked access to external URL http://dart.googlecode.com/svn/branches/bleeding_edge/dart/client/dart.js
Content-Type: text/plain
layer at (0,0) size 800x600
  RenderView at (0,0) size 800x600
layer at (0,0) size 800x32
  RenderBlock {HTML} at (0,0) size 800x32
    RenderBody {BODY} at (8,8) size 784x16
      RenderText {#text} at (0,0) size 256x16
        text run at (0,0) width 256: "expect 'hello': "
      RenderInline {X-COMPONENT-A} at (0,0) size 80x16
        RenderText {#text} at (0,0) size 0x0
        RenderInline {X-COMPONENT-B} at (0,0) size 80x16
          RenderText {#text} at (0,0) size 0x0
          RenderInline {SPAN} at (0,0) size 80x16
            RenderText {#text} at (256,0) size 80x16
              text run at (256,0) width 80: "hello"
          RenderText {#text} at (0,0) size 0x0
        RenderText {#text} at (0,0) size 0x0
      RenderText {#text} at (0,0) size 0x0
#EOF
