Blocked access to external URL http://dart.googlecode.com/svn/branches/bleeding_edge/dart/client/dart.js
Blocked access to external URL http://dart.googlecode.com/svn/branches/bleeding_edge/dart/client/dart.js
Content-Type: text/plain
layer at (0,0) size 800x600
  RenderView at (0,0) size 800x600
layer at (0,0) size 800x26
  RenderBlock {HTML} at (0,0) size 800x26
    RenderBody {BODY} at (8,8) size 784x10
      RenderText {#text} at (0,0) size 144x10
        text run at (0,0) width 144: "expect 'hello': "
      RenderInline {X-COMPONENT-A} at (0,0) size 60x10
        RenderText {#text} at (0,0) size 0x0
        RenderInline {X-COMPONENT-C} at (0,0) size 60x10
          RenderText {#text} at (0,0) size 0x0
          RenderInline {X-COMPONENT-D} at (0,0) size 60x10
            RenderText {#text} at (0,0) size 0x0
            RenderInline {SPAN} at (0,0) size 50x10
              RenderText {#text} at (144,0) size 50x10
                text run at (144,0) width 50: "hello"
            RenderText {#text} at (194,0) size 10x10
              text run at (194,0) width 10: " "
          RenderText {#text} at (0,0) size 0x0
        RenderText {#text} at (0,0) size 0x0
      RenderText {#text} at (204,0) size 144x10
        text run at (204,0) width 144: "expect 'hello': "
      RenderInline {X-COMPONENT-B} at (0,0) size 50x10
        RenderText {#text} at (0,0) size 0x0
        RenderInline {X-COMPONENT-C} at (0,0) size 50x10
          RenderText {#text} at (0,0) size 0x0
          RenderInline {X-COMPONENT-D} at (0,0) size 50x10
            RenderText {#text} at (0,0) size 0x0
            RenderInline {SPAN} at (0,0) size 50x10
              RenderText {#text} at (348,0) size 50x10
                text run at (348,0) width 50: "hello"
            RenderText {#text} at (0,0) size 0x0
          RenderText {#text} at (0,0) size 0x0
        RenderText {#text} at (0,0) size 0x0
      RenderText {#text} at (0,0) size 0x0
#EOF
