Blocked access to external URL http://dart.googlecode.com/svn/branches/bleeding_edge/dart/client/dart.js
Blocked access to external URL http://dart.googlecode.com/svn/branches/bleeding_edge/dart/client/dart.js
Content-Type: text/plain
layer at (0,0) size 800x600
  RenderView at (0,0) size 800x600
layer at (0,0) size 800x76
  RenderBlock {HTML} at (0,0) size 800x76
    RenderBody {BODY} at (8,24) size 784x28
      RenderBlock {P} at (0,0) size 784x28
        RenderText {#text} at (0,0) size 476x28
          text run at (0,0) width 476: "This text should be 24px monospace"
#EOF
