Blocked access to external URL http://dart.googlecode.com/svn/branches/bleeding_edge/dart/client/dart.js
Blocked access to external URL http://dart.googlecode.com/svn/branches/bleeding_edge/dart/client/dart.js
Content-Type: text/plain
layer at (0,0) size 800x600
  RenderView at (0,0) size 800x600
layer at (0,0) size 800x88
  RenderBlock {HTML} at (0,0) size 800x88
    RenderBody {BODY} at (8,10) size 784x70
      RenderBlock {P} at (0,0) size 784x20
        RenderText {#text} at (0,0) size 750x20
          text run at (0,0) width 750: "This test has two loops, each over two items, for a total of four different"
          text run at (0,10) width 180: "greeting messages:"
      RenderBlock {X-GREETER} at (0,30) size 784x10
        RenderBlock {DIV} at (0,0) size 784x10
          RenderText {#text} at (0,0) size 50x10
            text run at (0,0) width 50: "hello"
          RenderText {#text} at (50,0) size 20x10
            text run at (50,0) width 20: ", "
          RenderText {#text} at (70,0) size 50x10
            text run at (70,0) width 50: "world"
          RenderText {#text} at (120,0) size 10x10
            text run at (120,0) width 10: "!"
      RenderBlock {X-GREETER} at (0,40) size 784x10
        RenderBlock {DIV} at (0,0) size 784x10
          RenderText {#text} at (0,0) size 50x10
            text run at (0,0) width 50: "hello"
          RenderText {#text} at (50,0) size 20x10
            text run at (50,0) width 20: ", "
          RenderText {#text} at (70,0) size 80x10
            text run at (70,0) width 80: "universe"
          RenderText {#text} at (150,0) size 10x10
            text run at (150,0) width 10: "!"
      RenderBlock {X-GREETER} at (0,50) size 784x10
        RenderBlock {DIV} at (0,0) size 784x10
          RenderText {#text} at (0,0) size 20x10
            text run at (0,0) width 20: "hi"
          RenderText {#text} at (20,0) size 20x10
            text run at (20,0) width 20: ", "
          RenderText {#text} at (40,0) size 50x10
            text run at (40,0) width 50: "world"
          RenderText {#text} at (90,0) size 10x10
            text run at (90,0) width 10: "!"
      RenderBlock {X-GREETER} at (0,60) size 784x10
        RenderBlock {DIV} at (0,0) size 784x10
          RenderText {#text} at (0,0) size 20x10
            text run at (0,0) width 20: "hi"
          RenderText {#text} at (20,0) size 20x10
            text run at (20,0) width 20: ", "
          RenderText {#text} at (40,0) size 80x10
            text run at (40,0) width 80: "universe"
          RenderText {#text} at (120,0) size 10x10
            text run at (120,0) width 10: "!"
#EOF
