Blocked access to external URL http://dart.googlecode.com/svn/branches/bleeding_edge/dart/client/dart.js
Blocked access to external URL http://dart.googlecode.com/svn/branches/bleeding_edge/dart/client/dart.js
Content-Type: text/plain
layer at (0,0) size 800x600
  RenderView at (0,0) size 800x600
layer at (0,0) size 800x52
  RenderBlock {HTML} at (0,0) size 800x52
    RenderBody {BODY} at (8,8) size 784x36
      RenderTextControl {INPUT} at (2,2) size 153x22 [bgcolor=#FFFFFF] [border: (2px inset #000000)]
      RenderText {#text} at (157,10) size 10x10
        text run at (157,10) width 10: " "
      RenderText {#text} at (167,10) size 370x10
        text run at (167,10) width 370: "expected input.value to be \"A\", got A"
      RenderText {#text} at (537,10) size 767x26
        text run at (537,10) width 230: "expected input.value to"
        text run at (0,26) width 130: "be \"C\", got C"
layer at (12,13) size 149x16
  RenderBlock {DIV} at (2,3) size 149x16
    RenderText {#text} at (0,0) size 9x16
      text run at (0,0) width 9: "C"
#EOF
