Blocked access to external URL http://dart.googlecode.com/svn/branches/bleeding_edge/dart/client/dart.js
Blocked access to external URL http://dart.googlecode.com/svn/branches/bleeding_edge/dart/client/dart.js
Content-Type: text/plain
layer at (0,0) size 800x600
  RenderView at (0,0) size 800x600
layer at (0,0) size 800x36
  RenderBlock {HTML} at (0,0) size 800x36
    RenderBody {BODY} at (8,8) size 784x20
      RenderBlock {DIV} at (0,0) size 784x10
        RenderText {#text} at (0,0) size 450x10
          text run at (0,0) width 450: "binding as text (expect <span>hello</span>): "
        RenderText {#text} at (450,0) size 180x10
          text run at (450,0) width 180: "<span>hello</span>"
      RenderBlock {DIV} at (0,10) size 784x10
        RenderText {#text} at (0,0) size 550x10
          text run at (0,0) width 550: "binding as SafeHtml (expect hello inside a real span): "
        RenderInline {SPAN} at (0,0) size 50x10
          RenderText {#text} at (550,0) size 50x10
            text run at (550,0) width 50: "hello"
#EOF
