Blocked access to external URL http://dart.googlecode.com/svn/branches/bleeding_edge/dart/client/dart.js
Blocked access to external URL http://dart.googlecode.com/svn/branches/bleeding_edge/dart/client/dart.js
Content-Type: text/plain
layer at (0,0) size 800x600
  RenderView at (0,0) size 800x600
layer at (0,0) size 800x144
  RenderBlock {HTML} at (0,0) size 800x144
    RenderBody {BODY} at (8,8) size 784x128
      RenderBlock {DIV} at (0,0) size 784x32
        RenderText {#text} at (0,0) size 656x16
          text run at (0,0) width 656: "text to text (expect <span>text1</span>):"
        RenderText {#text} at (0,16) size 288x16
          text run at (0,16) width 288: "<span>text1</span>"
      RenderBlock {DIV} at (0,32) size 784x32
        RenderBlock (anonymous) at (0,0) size 784x16
          RenderText {#text} at (0,0) size 688x16
            text run at (0,0) width 688: "text to html (expect html1 in a real span):"
        RenderBlock {DIV} at (0,16) size 784x16
          RenderText {#text} at (0,0) size 80x16
            text run at (0,0) width 80: "html1"
      RenderBlock {DIV} at (0,64) size 784x32
        RenderText {#text} at (0,0) size 656x16
          text run at (0,0) width 656: "html to text (expect <span>text2</span>):"
        RenderText {#text} at (0,16) size 288x16
          text run at (0,16) width 288: "<span>text2</span>"
      RenderBlock {DIV} at (0,96) size 784x32
        RenderBlock (anonymous) at (0,0) size 784x16
          RenderText {#text} at (0,0) size 688x16
            text run at (0,0) width 688: "html to html (expect html2 in a real span):"
        RenderBlock {DIV} at (0,16) size 784x16
          RenderText {#text} at (0,0) size 80x16
            text run at (0,0) width 80: "html2"
#EOF
