Blocked access to external URL http://dart.googlecode.com/svn/branches/bleeding_edge/dart/client/dart.js
Blocked access to external URL http://dart.googlecode.com/svn/branches/bleeding_edge/dart/client/dart.js
Content-Type: text/plain
layer at (0,0) size 800x600
  RenderView at (0,0) size 800x600
layer at (0,0) size 800x56
  RenderBlock {HTML} at (0,0) size 800x56
    RenderBody {BODY} at (8,8) size 784x40
      RenderBlock {DIV} at (0,0) size 784x20
        RenderText {#text} at (0,0) size 275x19
          text run at (0,0) width 275: "binding as text (expect <span>hello</span>): "
        RenderText {#text} at (275,0) size 124x19
          text run at (275,0) width 124: "<span>hello</span>"
      RenderBlock {DIV} at (0,20) size 784x20
        RenderText {#text} at (0,0) size 320x19
          text run at (0,0) width 320: "binding as SafeHtml (expect hello inside a real span): "
        RenderInline {SPAN} at (0,0) size 28x19
          RenderText {#text} at (320,0) size 28x19
            text run at (320,0) width 28: "hello"
#EOF
