Blocked access to external URL http://dart.googlecode.com/svn/branches/bleeding_edge/dart/client/dart.js
Blocked access to external URL http://dart.googlecode.com/svn/branches/bleeding_edge/dart/client/dart.js
Content-Type: text/plain
layer at (0,0) size 800x600
  RenderView at (0,0) size 800x600
layer at (0,0) size 800x98
  RenderBlock {HTML} at (0,0) size 800x98
    RenderBody {BODY} at (8,10) size 784x80
      RenderBlock {PRE} at (0,0) size 784x60
        RenderText {#text} at (0,0) size 396x60
          text run at (0,0) width 396: "Here's some HTML with some triple quotes and escape sequences: '''"
          text run at (396,0) width 0: " "
          text run at (0,12) width 390: "    This $text uses \\r\\n and \\backslash \\ to break your compiler."
          text run at (390,12) width 0: " "
          text run at (0,24) width 36: "  '''."
          text run at (36,24) width 0: " "
          text run at (0,36) width 264: "  But it hopes your compiler does not break!"
          text run at (264,36) width 0: " "
          text run at (0,48) width 12: "  "
      RenderBlock (anonymous) at (0,70) size 784x10
        RenderText {#text} at (0,0) size 394x10
          text run at (0,0) width 394: "While we're at it, here's a cool entity: "
        RenderInline {SPAN} at (0,0) size 10x10
          RenderText {#text} at (394,0) size 10x10
            text run at (394,0) width 10: "\x{192}"
        RenderText {#text} at (0,0) size 0x0
#EOF
