Blocked access to external URL http://dart.googlecode.com/svn/branches/bleeding_edge/dart/client/dart.js
Blocked access to external URL http://dart.googlecode.com/svn/branches/bleeding_edge/dart/client/dart.js
Content-Type: text/plain
layer at (0,0) size 800x600
  RenderView at (0,0) size 800x600
layer at (0,0) size 800x26
  RenderBlock {HTML} at (0,0) size 800x26
    RenderBody {BODY} at (8,8) size 784x10
      RenderBlock {DIV} at (0,0) size 784x10
        RenderInline {SPAN} at (0,0) size 10x10
          RenderText {#text} at (0,0) size 10x10
            text run at (0,0) width 10: "a"
        RenderInline {SPAN} at (0,0) size 10x10
          RenderText {#text} at (10,0) size 10x10
            text run at (10,0) width 10: "b"
        RenderInline {SPAN} at (0,0) size 10x10
          RenderText {#text} at (20,0) size 10x10
            text run at (20,0) width 10: "c"
        RenderInline {SPAN} at (0,0) size 10x10
          RenderText {#text} at (30,0) size 10x10
            text run at (30,0) width 10: "d"
#EOF
