Blocked access to external URL http://dart.googlecode.com/svn/branches/bleeding_edge/dart/client/dart.js
Blocked access to external URL http://dart.googlecode.com/svn/branches/bleeding_edge/dart/client/dart.js
Content-Type: text/plain
layer at (0,0) size 800x600
  RenderView at (0,0) size 800x600
layer at (0,0) size 800x46
  RenderBlock {HTML} at (0,0) size 800x46
    RenderBody {BODY} at (8,8) size 784x30
      RenderBlock (anonymous) at (0,0) size 784x20
        RenderText {#text} at (0,0) size 560x10
          text run at (0,0) width 560: "loop1 should read: (a [a] a)(b [b] b)(c [c] c)(e [e] e) "
        RenderText {#text} at (560,0) size 10x10
          text run at (560,0) width 10: "("
        RenderText {#text} at (570,0) size 10x10
          text run at (570,0) width 10: "a"
        RenderText {#text} at (580,0) size 10x10
          text run at (580,0) width 10: " "
        RenderInline {SPAN} at (0,0) size 30x10
          RenderText {#text} at (590,0) size 10x10
            text run at (590,0) width 10: "["
          RenderText {#text} at (600,0) size 10x10
            text run at (600,0) width 10: "a"
          RenderText {#text} at (610,0) size 10x10
            text run at (610,0) width 10: "]"
        RenderText {#text} at (620,0) size 10x10
          text run at (620,0) width 10: " "
        RenderText {#text} at (630,0) size 10x10
          text run at (630,0) width 10: "a"
        RenderText {#text} at (640,0) size 20x10
          text run at (640,0) width 20: ") "
        RenderText {#text} at (660,0) size 10x10
          text run at (660,0) width 10: "("
        RenderText {#text} at (670,0) size 10x10
          text run at (670,0) width 10: "b"
        RenderText {#text} at (680,0) size 10x10
          text run at (680,0) width 10: " "
        RenderInline {SPAN} at (0,0) size 30x10
          RenderText {#text} at (690,0) size 10x10
            text run at (690,0) width 10: "["
          RenderText {#text} at (700,0) size 10x10
            text run at (700,0) width 10: "b"
          RenderText {#text} at (710,0) size 10x10
            text run at (710,0) width 10: "]"
        RenderText {#text} at (720,0) size 10x10
          text run at (720,0) width 10: " "
        RenderText {#text} at (730,0) size 10x10
          text run at (730,0) width 10: "b"
        RenderText {#text} at (740,0) size 20x10
          text run at (740,0) width 20: ") "
        RenderText {#text} at (760,0) size 10x10
          text run at (760,0) width 10: "("
        RenderText {#text} at (770,0) size 10x10
          text run at (770,0) width 10: "c"
        RenderText {#text} at (0,0) size 0x0
        RenderInline {SPAN} at (0,0) size 30x10
          RenderText {#text} at (0,10) size 10x10
            text run at (0,10) width 10: "["
          RenderText {#text} at (10,10) size 10x10
            text run at (10,10) width 10: "c"
          RenderText {#text} at (20,10) size 10x10
            text run at (20,10) width 10: "]"
        RenderText {#text} at (30,10) size 10x10
          text run at (30,10) width 10: " "
        RenderText {#text} at (40,10) size 10x10
          text run at (40,10) width 10: "c"
        RenderText {#text} at (50,10) size 20x10
          text run at (50,10) width 20: ") "
        RenderText {#text} at (70,10) size 10x10
          text run at (70,10) width 10: "("
        RenderText {#text} at (80,10) size 10x10
          text run at (80,10) width 10: "e"
        RenderText {#text} at (90,10) size 10x10
          text run at (90,10) width 10: " "
        RenderInline {SPAN} at (0,0) size 30x10
          RenderText {#text} at (100,10) size 10x10
            text run at (100,10) width 10: "["
          RenderText {#text} at (110,10) size 10x10
            text run at (110,10) width 10: "e"
          RenderText {#text} at (120,10) size 10x10
            text run at (120,10) width 10: "]"
        RenderText {#text} at (130,10) size 10x10
          text run at (130,10) width 10: " "
        RenderText {#text} at (140,10) size 10x10
          text run at (140,10) width 10: "e"
        RenderText {#text} at (150,10) size 20x10
          text run at (150,10) width 20: ") "
        RenderText {#text} at (170,10) size 550x10
          text run at (170,10) width 550: "loop2 should read: [a (a) a][b (b) b][c (c) c][e (e) e]"
      RenderBlock {DIV} at (0,20) size 784x10
        RenderText {#text} at (0,0) size 10x10
          text run at (0,0) width 10: "["
        RenderText {#text} at (10,0) size 10x10
          text run at (10,0) width 10: "a"
        RenderText {#text} at (20,0) size 10x10
          text run at (20,0) width 10: " "
        RenderInline {SPAN} at (0,0) size 30x10
          RenderText {#text} at (30,0) size 10x10
            text run at (30,0) width 10: "("
          RenderText {#text} at (40,0) size 10x10
            text run at (40,0) width 10: "a"
          RenderText {#text} at (50,0) size 10x10
            text run at (50,0) width 10: ")"
        RenderText {#text} at (60,0) size 10x10
          text run at (60,0) width 10: " "
        RenderText {#text} at (70,0) size 10x10
          text run at (70,0) width 10: "a"
        RenderText {#text} at (80,0) size 20x10
          text run at (80,0) width 20: "] "
        RenderText {#text} at (100,0) size 10x10
          text run at (100,0) width 10: "["
        RenderText {#text} at (110,0) size 10x10
          text run at (110,0) width 10: "b"
        RenderText {#text} at (120,0) size 10x10
          text run at (120,0) width 10: " "
        RenderInline {SPAN} at (0,0) size 30x10
          RenderText {#text} at (130,0) size 10x10
            text run at (130,0) width 10: "("
          RenderText {#text} at (140,0) size 10x10
            text run at (140,0) width 10: "b"
          RenderText {#text} at (150,0) size 10x10
            text run at (150,0) width 10: ")"
        RenderText {#text} at (160,0) size 10x10
          text run at (160,0) width 10: " "
        RenderText {#text} at (170,0) size 10x10
          text run at (170,0) width 10: "b"
        RenderText {#text} at (180,0) size 20x10
          text run at (180,0) width 20: "] "
        RenderText {#text} at (200,0) size 10x10
          text run at (200,0) width 10: "["
        RenderText {#text} at (210,0) size 10x10
          text run at (210,0) width 10: "c"
        RenderText {#text} at (220,0) size 10x10
          text run at (220,0) width 10: " "
        RenderInline {SPAN} at (0,0) size 30x10
          RenderText {#text} at (230,0) size 10x10
            text run at (230,0) width 10: "("
          RenderText {#text} at (240,0) size 10x10
            text run at (240,0) width 10: "c"
          RenderText {#text} at (250,0) size 10x10
            text run at (250,0) width 10: ")"
        RenderText {#text} at (260,0) size 10x10
          text run at (260,0) width 10: " "
        RenderText {#text} at (270,0) size 10x10
          text run at (270,0) width 10: "c"
        RenderText {#text} at (280,0) size 20x10
          text run at (280,0) width 20: "] "
        RenderText {#text} at (300,0) size 10x10
          text run at (300,0) width 10: "["
        RenderText {#text} at (310,0) size 10x10
          text run at (310,0) width 10: "e"
        RenderText {#text} at (320,0) size 10x10
          text run at (320,0) width 10: " "
        RenderInline {SPAN} at (0,0) size 30x10
          RenderText {#text} at (330,0) size 10x10
            text run at (330,0) width 10: "("
          RenderText {#text} at (340,0) size 10x10
            text run at (340,0) width 10: "e"
          RenderText {#text} at (350,0) size 10x10
            text run at (350,0) width 10: ")"
        RenderText {#text} at (360,0) size 10x10
          text run at (360,0) width 10: " "
        RenderText {#text} at (370,0) size 10x10
          text run at (370,0) width 10: "e"
        RenderText {#text} at (380,0) size 10x10
          text run at (380,0) width 10: "]"
      RenderBlock (anonymous) at (0,30) size 784x0
        RenderText {#text} at (0,0) size 0x0
#EOF
