Blocked access to external URL http://dart.googlecode.com/svn/branches/bleeding_edge/dart/client/dart.js
Blocked access to external URL http://dart.googlecode.com/svn/branches/bleeding_edge/dart/client/dart.js
Content-Type: text/plain
layer at (0,0) size 800x600
  RenderView at (0,0) size 800x600
layer at (0,0) size 800x48
  RenderBlock {HTML} at (0,0) size 800x48
    RenderBody {BODY} at (8,8) size 784x32
      RenderBlock (anonymous) at (0,0) size 784x16
        RenderText {#text} at (0,0) size 544x16
          text run at (0,0) width 544: "expect: (-a-) (-?-) (-c-), actual:"
      RenderBlock {DIV} at (0,16) size 784x16
        RenderText {#text} at (0,0) size 32x16
          text run at (0,0) width 32: "(-"
        RenderText {#text} at (32,0) size 16x16
          text run at (32,0) width 16: "a"
        RenderText {#text} at (48,0) size 48x16
          text run at (48,0) width 48: "-) "
        RenderText {#text} at (96,0) size 32x16
          text run at (96,0) width 32: "(-"
        RenderText {#text} at (128,0) size 16x16
          text run at (128,0) width 16: "?"
        RenderText {#text} at (144,0) size 48x16
          text run at (144,0) width 48: "-) "
        RenderText {#text} at (192,0) size 32x16
          text run at (192,0) width 32: "(-"
        RenderText {#text} at (224,0) size 16x16
          text run at (224,0) width 16: "c"
        RenderText {#text} at (240,0) size 32x16
          text run at (240,0) width 32: "-)"
      RenderBlock (anonymous) at (0,32) size 784x0
        RenderText {#text} at (0,0) size 0x0
#EOF
