Blocked access to external URL http://dart.googlecode.com/svn/branches/bleeding_edge/dart/client/dart.js
Blocked access to external URL http://dart.googlecode.com/svn/branches/bleeding_edge/dart/client/dart.js
Content-Type: text/plain
layer at (0,0) size 800x600
  RenderView at (0,0) size 800x600
layer at (0,0) size 800x26
  RenderBlock {HTML} at (0,0) size 800x26
    RenderBody {BODY} at (8,8) size 784x10
      RenderText {#text} at (0,0) size 350x10
        text run at (0,0) width 350: "expect: (-a-) (-?-) (-c-), actual: "
      RenderText {#text} at (350,0) size 20x10
        text run at (350,0) width 20: "(-"
      RenderText {#text} at (370,0) size 10x10
        text run at (370,0) width 10: "a"
      RenderText {#text} at (380,0) size 30x10
        text run at (380,0) width 30: "-) "
      RenderText {#text} at (410,0) size 20x10
        text run at (410,0) width 20: "(-"
      RenderText {#text} at (430,0) size 10x10
        text run at (430,0) width 10: "?"
      RenderText {#text} at (440,0) size 30x10
        text run at (440,0) width 30: "-) "
      RenderText {#text} at (470,0) size 20x10
        text run at (470,0) width 20: "(-"
      RenderText {#text} at (490,0) size 10x10
        text run at (490,0) width 10: "c"
      RenderText {#text} at (500,0) size 20x10
        text run at (500,0) width 20: "-)"
      RenderText {#text} at (0,0) size 0x0
#EOF
