Blocked access to external URL http://dart.googlecode.com/svn/branches/bleeding_edge/dart/client/dart.js
Blocked access to external URL http://dart.googlecode.com/svn/branches/bleeding_edge/dart/client/dart.js
Content-Type: text/plain
layer at (0,0) size 800x600
  RenderView at (0,0) size 800x600
layer at (0,0) size 800x26
  RenderBlock {HTML} at (0,0) size 800x26
    RenderBody {BODY} at (8,8) size 784x10
      RenderText {#text} at (0,0) size 204x10
        text run at (0,0) width 204: "expect 'hello hello': "
      RenderInline {X-COMPONENT-A} at (0,0) size 60x10
        RenderText {#text} at (0,0) size 0x0
        RenderInline {X-COMPONENT-B} at (0,0) size 60x10
          RenderText {#text} at (0,0) size 0x0
          RenderInline {SPAN} at (0,0) size 50x10
            RenderText {#text} at (204,0) size 50x10
              text run at (204,0) width 50: "hello"
          RenderText {#text} at (254,0) size 10x10
            text run at (254,0) width 10: " "
        RenderText {#text} at (0,0) size 0x0
      RenderText {#text} at (0,0) size 0x0
      RenderInline {SPAN} at (0,0) size 50x10
        RenderText {#text} at (264,0) size 50x10
          text run at (264,0) width 50: "hello"
      RenderText {#text} at (0,0) size 0x0
#EOF
