Blocked access to external URL http://dart.googlecode.com/svn/branches/bleeding_edge/dart/client/dart.js
Blocked access to external URL http://dart.googlecode.com/svn/branches/bleeding_edge/dart/client/dart.js
Content-Type: text/plain
layer at (0,0) size 800x600
  RenderView at (0,0) size 800x600
layer at (0,0) size 800x36
  RenderBlock {HTML} at (0,0) size 800x36
    RenderBody {BODY} at (8,8) size 784x20
      RenderText {#text} at (0,0) size 120x19
        text run at (0,0) width 120: "expect to see 'two': "
      RenderInline {X-VAR} at (0,0) size 23x19
        RenderText {#text} at (120,0) size 23x19
          text run at (120,0) width 23: "two"
      RenderText {#text} at (0,0) size 0x0
#EOF
