Blocked access to external URL http://dart.googlecode.com/svn/branches/bleeding_edge/dart/client/dart.js
Blocked access to external URL http://dart.googlecode.com/svn/branches/bleeding_edge/dart/client/dart.js
Content-Type: text/plain
layer at (0,0) size 800x600
  RenderView at (0,0) size 800x600
layer at (0,0) size 800x98
  RenderBlock {HTML} at (0,0) size 800x98
    RenderBody {BODY} at (8,10) size 784x78
      RenderBlock {P} at (0,0) size 784x10
        RenderText {#text} at (0,0) size 330x10
          text run at (0,0) width 330: "These two sentences should match:"
      RenderBlock {PRE} at (0,20) size 784x24
        RenderText {#text} at (0,0) size 174x24
          text run at (0,0) width 174: "The \"quick\" \\brown $fox jumps"
          text run at (174,0) width 0: " "
          text run at (0,12) width 132: "  over the 'lazy' dog."
      RenderBlock {PRE} at (0,54) size 784x24
        RenderText {#text} at (0,0) size 144x12
          text run at (0,0) width 144: "The \"quick\" \\brown $fox "
        RenderText {#text} at (144,0) size 30x12
          text run at (144,0) width 30: "jumps"
        RenderText {#text} at (174,0) size 174x24
          text run at (174,0) width 0: " "
          text run at (0,12) width 42: "  over "
        RenderText {#text} at (42,12) size 18x12
          text run at (42,12) width 18: "the"
        RenderText {#text} at (60,12) size 48x12
          text run at (60,12) width 48: " 'lazy' "
        RenderText {#text} at (108,12) size 18x12
          text run at (108,12) width 18: "dog"
        RenderText {#text} at (126,12) size 6x12
          text run at (126,12) width 6: "."
#EOF
