Blocked access to external URL http://dart.googlecode.com/svn/branches/bleeding_edge/dart/client/dart.js
Blocked access to external URL http://dart.googlecode.com/svn/branches/bleeding_edge/dart/client/dart.js
Content-Type: text/plain
layer at (0,0) size 800x600
  RenderView at (0,0) size 800x600
layer at (0,0) size 800x35
  RenderBlock {HTML} at (0,0) size 800x35
    RenderBody {BODY} at (8,8) size 784x19
      RenderText {#text} at (0,0) size 135x18
        text run at (0,0) width 135: "expect to see 'two': "
      RenderText {#text} at (135,0) size 24x18
        text run at (135,0) width 24: "two"
      RenderText {#text} at (0,0) size 0x0
#EOF
