Blocked access to external URL http://dart.googlecode.com/svn/branches/bleeding_edge/dart/client/dart.js
Blocked access to external URL http://dart.googlecode.com/svn/branches/bleeding_edge/dart/client/dart.js
Content-Type: text/plain
layer at (0,0) size 800x600
  RenderView at (0,0) size 800x600
layer at (0,0) size 800x579
  RenderBlock {HTML} at (0,0) size 800x579
    RenderBody {BODY} at (125,130) size 550x437 [color=#4D4D4D] [bgcolor=#EAEAEA]
      RenderBlock {FOOTER} at (0,325) size 550x112 [color=#A6A6A6]
        RenderBlock {P} at (0,0) size 550x19
          RenderText {#text} at (209,2) size 132x15
            text run at (209,2) width 132: "Double-click to edit a todo."
        RenderBlock {P} at (0,31) size 550x19
          RenderText {#text} at (220,2) size 59x15
            text run at (220,2) width 59: "Credits: the "
          RenderInline {A} at (0,0) size 22x15
            RenderText {#text} at (279,2) size 22x15
              text run at (279,2) width 22: "Dart"
          RenderText {#text} at (301,2) size 29x15
            text run at (301,2) width 29: " team."
        RenderBlock {P} at (0,62) size 550x19
          RenderText {#text} at (123,2) size 88x15
            text run at (123,2) width 88: "Learn more about "
          RenderInline {A} at (0,0) size 123x15
            RenderText {#text} at (210,2) size 123x15
              text run at (210,2) width 123: "Dart + Web Components"
          RenderText {#text} at (332,2) size 17x15
            text run at (332,2) width 4: " "
            text run at (335,2) width 14: "or "
          RenderInline {A} at (0,0) size 76x15
            RenderText {#text} at (348,2) size 76x15
              text run at (348,2) width 76: "view the source"
          RenderText {#text} at (423,2) size 4x15
            text run at (423,2) width 4: "."
        RenderBlock {P} at (0,93) size 550x19
          RenderText {#text} at (228,2) size 37x15
            text run at (228,2) width 37: "Part of "
          RenderInline {A} at (0,0) size 55x15
            RenderText {#text} at (264,2) size 55x15
              text run at (264,2) width 55: "TodoMVC"
          RenderText {#text} at (318,2) size 4x15
            text run at (318,2) width 4: "."
layer at (125,130) size 550x260
  RenderBlock (relative positioned) {SECTION} at (0,0) size 550x260 [bgcolor=#FFFFFFE6] [border: (1px solid #CCCCCC)]
    RenderBlock {HEADER} at (1,1) size 548x80
      RenderBlock (anonymous) at (0,15) size 548x0
        RenderInline {X-TODO-FORM} at (0,0) size 0x0
          RenderText {#text} at (0,0) size 0x0
          RenderText {#text} at (0,0) size 0x0
      RenderBlock (anonymous) at (0,15) size 548x65
        RenderBlock {FORM} at (0,0) size 548x65
          RenderText {#text} at (0,0) size 0x0
      RenderBlock (anonymous) at (0,80) size 548x0
        RenderInline {X-TODO-FORM} at (0,0) size 0x0
        RenderText {#text} at (0,0) size 0x0
layer at (166,131) size 4x258
  RenderBlock (positioned) at (41,1) size 4x258 [border: none (1px solid #F5D6D6) none (1px solid #F5D6D6)]
    RenderText at (0,0) size 0x0
layer at (126,69) size 548x19
  RenderBlock (positioned) {H1} at (1,-61) size 548x20 [color=#FFFFFF4C]
    RenderText {#text} at (194,-30) size 160x79
      text run at (194,-30) width 160: "todos"
layer at (126,400) size 548x20 layerType: background only
layer at (126,289) size 548x100
  RenderBlock (positioned) zI: -1 at (0,-111) size 548x100
    RenderText zI: -1 at (0,0) size 0x0
layer at (126,400) size 548x20 layerType: foreground only
  RenderBlock (positioned) zI: 1 {X-TODO-FOOTER} at (1,270) size 548x20 [color=#777777]
    RenderBlock (floating) {SPAN} at (15,0) size 7x20
      RenderInline {STRONG} at (0,0) size 7x17
        RenderText {#text} at (0,1) size 7x17
          text run at (0,1) width 7: "2"
layer at (126,400) size 548x20
  RenderBlock (positioned) {UL} at (0,0) size 548x20
    RenderInline {LI} at (0,0) size 26x16
      RenderText {#text} at (0,0) size 0x0
      RenderInline {A} at (0,0) size 18x17 [color=#83756F]
        RenderText {#text} at (209,1) size 18x17
          text run at (209,1) width 18: "All"
      RenderText {#text} at (229,2) size 4x16
        text run at (229,2) width 4: " "
    RenderText {#text} at (0,0) size 0x0
    RenderInline {LI} at (0,0) size 44x16
      RenderText {#text} at (0,0) size 0x0
      RenderInline {A} at (0,0) size 36x16 [color=#83756F]
        RenderText {#text} at (235,2) size 36x16
          text run at (235,2) width 36: "Active"
      RenderText {#text} at (273,2) size 4x16
        text run at (273,2) width 4: " "
    RenderText {#text} at (0,0) size 0x0
    RenderInline {LI} at (0,0) size 64x16
      RenderText {#text} at (0,0) size 0x0
      RenderInline {A} at (0,0) size 60x16 [color=#83756F]
        RenderText {#text} at (279,2) size 60x16
          text run at (279,2) width 60: "Completed"
      RenderText {#text} at (0,0) size 0x0
    RenderText {#text} at (0,0) size 0x0
layer at (547,400) size 112x20
  RenderButton {BUTTON} at (421,0) size 112x20 [bgcolor=#00000019]
    RenderBlock (anonymous) at (10,0) size 92x20
      RenderText {#text} at (0,3) size 82x14
        text run at (0,3) width 82: "Clear completed ("
      RenderText {#text} at (82,3) size 6x14
        text run at (82,3) width 6: "1"
      RenderText {#text} at (88,3) size 4x14
        text run at (88,3) width 4: ")"
layer at (126,131) size 548x16
  RenderBlock (positioned) zI: 2 at (1,1) size 548x16 [border: none (1px solid #6C615C) none]
    RenderText zI: 2 at (0,0) size 0x0
layer at (126,146) size 548x65
  RenderTextControl zI: 2 {INPUT} at (0,0) size 548x65 [bgcolor=#00000005]
layer at (186,162) size 472x33
  RenderBlock {DIV} at (60,16) size 472x33 [color=#A9A9A9]
    RenderText {#text} at (0,3) size 231x27
      text run at (0,3) width 231: "What needs to be done?"
layer at (186,162) size 472x33
  RenderBlock {DIV} at (60,16) size 472x33
layer at (126,211) size 548x178
  RenderBlock (relative positioned) zI: 2 {SECTION} at (1,81) size 548x178 [border: (1px dotted #ADADAD) none]
    RenderBlock (anonymous) at (0,1) size 548x0
      RenderInline {X-TOGGLE-ALL} at (0,0) size 0x0
        RenderText {#text} at (0,0) size 0x0
        RenderInline {LABEL} at (0,0) size 0x0
        RenderText {#text} at (0,0) size 0x0
      RenderText zI: 2 {#text} at (0,0) size 0x0
    RenderBlock {UL} at (0,1) size 548x177
      RenderBlock (anonymous) at (0,0) size 548x0
        RenderInline {X-TODO-ROW} at (0,0) size 0x0
          RenderText {#text} at (0,0) size 0x0
      RenderBlock (anonymous) at (0,0) size 548x59
      RenderBlock (anonymous) at (0,59) size 548x0
        RenderInline {X-TODO-ROW} at (0,0) size 0x0
        RenderInline {X-TODO-ROW} at (0,0) size 0x0
          RenderText {#text} at (0,0) size 0x0
      RenderBlock (anonymous) at (0,59) size 548x59
      RenderBlock (anonymous) at (0,118) size 548x0
        RenderInline {X-TODO-ROW} at (0,0) size 0x0
        RenderInline {X-TODO-ROW} at (0,0) size 0x0
          RenderText {#text} at (0,0) size 0x0
      RenderBlock (anonymous) at (0,118) size 548x59
      RenderBlock (anonymous) at (0,177) size 548x0
        RenderInline {X-TODO-ROW} at (0,0) size 0x0
        RenderText {#text} at (0,0) size 0x0
layer at (115,159) size 65x41
  RenderBlock (positioned) {INPUT} at (-11,-52) size 65x41 [color=#000000]
    RenderInline (generated) at (0,0) size 63x40 [color=#D9D9D9]
      RenderText at (26,0) size 13x33
        text run at (26,0) width 13: "\x{BB}"
layer at (126,212) size 548x59
  RenderBlock (relative positioned) {DIV} at (0,0) size 548x59 [border: none (1px dotted #CCCCCC) none]
    RenderBlock {DIV} at (0,0) size 548x58
      RenderBlock {LABEL} at (60,15) size 161x28
        RenderText {#text} at (0,0) size 161x27
          text run at (0,0) width 161: "one (unchecked)"
      RenderText {#text} at (0,0) size 0x0
      RenderText {#text} at (0,0) size 0x0
    RenderBlock {FORM} at (0,58) size 548x0
layer at (126,221) size 40x40
  RenderBlock (positioned) {INPUT} at (0,9) size 40x40 [color=#000000]
    RenderInline (generated) at (0,0) size 18x22 [color=#D9D9D9]
      RenderText at (11,10) size 18x22
        text run at (11,10) width 18: "\x{2714}"
layer at (126,271) size 548x59
  RenderBlock (relative positioned) {DIV} at (0,0) size 548x59 [border: none (1px dotted #CCCCCC) none]
    RenderBlock {DIV} at (0,0) size 548x58
      RenderBlock {LABEL} at (60,15) size 138x28 [color=#A9A9A9]
        RenderText {#text} at (0,0) size 138x27
          text run at (0,0) width 138: "two (checked)"
      RenderText {#text} at (0,0) size 0x0
      RenderText {#text} at (0,0) size 0x0
    RenderBlock {FORM} at (0,58) size 548x0
layer at (126,280) size 40x40
  RenderBlock (positioned) {INPUT} at (0,9) size 40x40 [color=#000000]
layer at (126,279) size 18x22
  RenderInline (relative positioned) at (0,0) size 18x22 [color=#85ADA7]
    RenderText at (11,10) size 18x22
      text run at (11,10) width 18: "\x{2714}"
layer at (126,330) size 548x59
  RenderBlock (relative positioned) {DIV} at (0,0) size 548x59 [border: none (1px dotted #CCCCCC) none]
    RenderBlock {DIV} at (0,0) size 548x58
      RenderBlock {LABEL} at (60,15) size 175x28
        RenderText {#text} at (0,0) size 175x27
          text run at (0,0) width 175: "three (unchecked)"
      RenderText {#text} at (0,0) size 0x0
      RenderText {#text} at (0,0) size 0x0
    RenderBlock {FORM} at (0,58) size 548x0
layer at (126,339) size 40x40
  RenderBlock (positioned) {INPUT} at (0,9) size 40x40 [color=#000000]
    RenderInline (generated) at (0,0) size 18x22 [color=#D9D9D9]
      RenderText at (11,10) size 18x22
        text run at (11,10) width 18: "\x{2714}"
caret: position 0 of child 0 {DIV} of {#shadow-root} of child 1 {INPUT} of child 3 {FORM} of child 3 {X-TODO-FORM} of child 1 {HEADER} of child 4 {SECTION} of body
#EOF
