Blocked access to external URL http://dart.googlecode.com/svn/branches/bleeding_edge/dart/client/dart.js
Blocked access to external URL http://dart.googlecode.com/svn/branches/bleeding_edge/dart/client/dart.js
Content-Type: text/plain
layer at (0,0) size 800x657
  RenderView at (0,0) size 800x600
layer at (0,0) size 800x657
  RenderBlock {HTML} at (0,0) size 800x657
    RenderBody {BODY} at (125,130) size 550x515 [color=#4D4D4D] [bgcolor=#EAEAEA]
      RenderBlock {FOOTER} at (0,384) size 550x131 [color=#A6A6A6]
        RenderBlock {P} at (0,0) size 550x19
          RenderText {#text} at (107,3) size 336x12
            text run at (107,3) width 336: "Double-click to edit a todo."
        RenderBlock {P} at (0,31) size 550x19
          RenderText {#text} at (137,3) size 156x12
            text run at (137,3) width 156: "Credits: the "
          RenderInline {A} at (0,0) size 48x12
            RenderText {#text} at (293,3) size 48x12
              text run at (293,3) width 48: "Dart"
          RenderText {#text} at (341,3) size 72x12
            text run at (341,3) width 72: " team."
        RenderBlock {P} at (0,62) size 550x38
          RenderText {#text} at (29,3) size 204x12
            text run at (29,3) width 204: "Learn more about "
          RenderInline {A} at (0,0) size 252x12
            RenderText {#text} at (233,3) size 252x12
              text run at (233,3) width 252: "Dart + Web Components"
          RenderText {#text} at (485,3) size 36x12
            text run at (485,3) width 12: " "
            text run at (497,3) width 24: "or"
          RenderInline {A} at (0,0) size 180x12
            RenderText {#text} at (179,22) size 180x12
              text run at (179,22) width 180: "view the source"
          RenderText {#text} at (359,22) size 12x12
            text run at (359,22) width 12: "."
        RenderBlock {P} at (0,112) size 550x19
          RenderText {#text} at (179,3) size 96x12
            text run at (179,3) width 96: "Part of "
          RenderInline {A} at (0,0) size 84x12
            RenderText {#text} at (275,3) size 84x12
              text run at (275,3) width 84: "TodoMVC"
          RenderText {#text} at (359,3) size 12x12
            text run at (359,3) width 12: "."
layer at (125,130) size 550x319
  RenderBlock (relative positioned) {SECTION} at (0,0) size 550x319 [bgcolor=#FFFFFFE6] [border: (1px solid #CCCCCC)]
    RenderBlock {HEADER} at (1,1) size 548x80
      RenderBlock (anonymous) at (0,15) size 548x0
        RenderInline {X-TODO-FORM} at (0,0) size 0x0
          RenderText {#text} at (0,0) size 0x0
          RenderText {#text} at (0,0) size 0x0
      RenderBlock (anonymous) at (0,15) size 548x65
        RenderBlock {FORM} at (0,0) size 548x65
          RenderText {#text} at (0,0) size 0x0
      RenderBlock (anonymous) at (0,80) size 548x0
        RenderInline {X-TODO-FORM} at (0,0) size 0x0
        RenderText {#text} at (0,0) size 0x0
layer at (166,131) size 4x317
  RenderBlock (positioned) at (41,1) size 4x317 [border: none (1px solid #F5D6D6) none (1px solid #F5D6D6)]
    RenderText at (0,0) size 0x0
layer at (126,69) size 548x19
  RenderBlock (positioned) {H1} at (1,-61) size 548x20 [color=#FFFFFF4C]
    RenderText {#text} at (96,-26) size 356x70
      text run at (96,-26) width 356: "todos"
layer at (126,459) size 548x20 layerType: background only
layer at (126,348) size 548x100
  RenderBlock (positioned) zI: -1 at (0,-111) size 548x100
    RenderText zI: -1 at (0,0) size 0x0
layer at (126,459) size 548x20 layerType: foreground only
  RenderBlock (positioned) zI: 1 {X-TODO-FOOTER} at (1,329) size 548x20 [color=#777777]
    RenderBlock (floating) {SPAN} at (15,0) size 15x19
      RenderInline {STRONG} at (0,0) size 15x14
        RenderText {#text} at (0,2) size 15x14
          text run at (0,2) width 15: "2"
layer at (126,459) size 548x19
  RenderBlock (positioned) {UL} at (0,0) size 548x19
    RenderInline {LI} at (0,0) size 64x14
      RenderText {#text} at (0,0) size 0x0
      RenderInline {A} at (0,0) size 46x14 [color=#83756F]
        RenderText {#text} at (128,2) size 46x14
          text run at (128,2) width 46: "All"
      RenderText {#text} at (175,2) size 15x14
        text run at (175,2) width 15: " "
    RenderText {#text} at (0,0) size 0x0
    RenderInline {LI} at (0,0) size 103x14
      RenderText {#text} at (0,0) size 0x0
      RenderInline {A} at (0,0) size 85x14 [color=#83756F]
        RenderText {#text} at (191,2) size 85x14
          text run at (191,2) width 85: "Active"
      RenderText {#text} at (277,2) size 15x14
        text run at (277,2) width 15: " "
    RenderText {#text} at (0,0) size 0x0
    RenderInline {LI} at (0,0) size 131x14
      RenderText {#text} at (0,0) size 0x0
      RenderInline {A} at (0,0) size 127x14 [color=#83756F]
        RenderText {#text} at (293,2) size 127x14
          text run at (293,2) width 127: "Completed"
      RenderText {#text} at (0,0) size 0x0
    RenderText {#text} at (0,0) size 0x0
layer at (430,459) size 229x20
  RenderButton {BUTTON} at (304,0) size 229x20 [bgcolor=#00000019]
    RenderBlock (anonymous) at (10,0) size 209x20
      RenderText {#text} at (0,4) size 187x11
        text run at (0,4) width 187: "Clear completed ("
      RenderText {#text} at (187,4) size 11x11
        text run at (187,4) width 11: "2"
      RenderText {#text} at (198,4) size 11x11
        text run at (198,4) width 11: ")"
layer at (126,131) size 548x16
  RenderBlock (positioned) zI: 2 at (1,1) size 548x16 [border: none (1px solid #6C615C) none]
    RenderText zI: 2 at (0,0) size 0x0
layer at (126,146) size 548x65
  RenderTextControl zI: 2 {INPUT} at (0,0) size 548x65 [bgcolor=#00000005]
layer at (186,162) size 472x33 scrollWidth 528
  RenderBlock {DIV} at (60,16) size 472x33 [color=#A9A9A9]
    RenderText {#text} at (0,4) size 528x24
      text run at (0,4) width 528: "What needs to be done?"
layer at (186,162) size 472x33
  RenderBlock {DIV} at (60,16) size 472x33
layer at (126,211) size 548x237
  RenderBlock (relative positioned) zI: 2 {SECTION} at (1,81) size 548x237 [border: (1px dotted #ADADAD) none]
    RenderBlock (anonymous) at (0,1) size 548x0
      RenderInline {X-TOGGLE-ALL} at (0,0) size 0x0
        RenderText {#text} at (0,0) size 0x0
        RenderInline {LABEL} at (0,0) size 0x0
        RenderText {#text} at (0,0) size 0x0
      RenderText zI: 2 {#text} at (0,0) size 0x0
    RenderBlock {UL} at (0,1) size 548x236
      RenderBlock (anonymous) at (0,0) size 548x0
        RenderInline {X-TODO-ROW} at (0,0) size 0x0
          RenderText {#text} at (0,0) size 0x0
      RenderBlock (anonymous) at (0,0) size 548x59
      RenderBlock (anonymous) at (0,59) size 548x0
        RenderInline {X-TODO-ROW} at (0,0) size 0x0
        RenderInline {X-TODO-ROW} at (0,0) size 0x0
          RenderText {#text} at (0,0) size 0x0
      RenderBlock (anonymous) at (0,59) size 548x59
      RenderBlock (anonymous) at (0,118) size 548x0
        RenderInline {X-TODO-ROW} at (0,0) size 0x0
        RenderInline {X-TODO-ROW} at (0,0) size 0x0
          RenderText {#text} at (0,0) size 0x0
      RenderBlock (anonymous) at (0,118) size 548x59
      RenderBlock (anonymous) at (0,177) size 548x0
        RenderInline {X-TODO-ROW} at (0,0) size 0x0
        RenderInline {X-TODO-ROW} at (0,0) size 0x0
          RenderText {#text} at (0,0) size 0x0
      RenderBlock (anonymous) at (0,177) size 548x59
      RenderBlock (anonymous) at (0,236) size 548x0
        RenderInline {X-TODO-ROW} at (0,0) size 0x0
        RenderText {#text} at (0,0) size 0x0
layer at (115,159) size 65x41
  RenderBlock (positioned) {INPUT} at (-11,-52) size 66x41 [color=#000000]
    RenderInline (generated) at (0,0) size 78x35 [color=#D9D9D9]
      RenderText at (25,0) size 28x28
        text run at (25,0) width 28: "\x{BB}"
layer at (126,212) size 548x59
  RenderBlock (relative positioned) {DIV} at (0,0) size 548x59 [border: none (1px dotted #CCCCCC) none]
    RenderBlock {DIV} at (0,0) size 548x58
      RenderBlock {LABEL} at (60,15) size 360x28
        RenderText {#text} at (0,2) size 360x24
          text run at (0,2) width 360: "one (unchecked)"
      RenderText {#text} at (0,0) size 0x0
      RenderText {#text} at (0,0) size 0x0
    RenderBlock {FORM} at (0,58) size 548x0
layer at (126,221) size 40x40
  RenderBlock (positioned) {INPUT} at (0,9) size 40x40 [color=#000000]
    RenderInline (generated) at (0,0) size 18x20 [color=#D9D9D9]
      RenderText at (11,11) size 18x20
        text run at (11,11) width 18: "\x{2714}"
layer at (126,271) size 548x59
  RenderBlock (relative positioned) {DIV} at (0,0) size 548x59 [border: none (1px dotted #CCCCCC) none]
    RenderBlock {DIV} at (0,0) size 548x58
      RenderBlock {LABEL} at (60,15) size 360x28
        RenderText {#text} at (0,2) size 360x24
          text run at (0,2) width 360: "two (unchecked)"
      RenderText {#text} at (0,0) size 0x0
      RenderText {#text} at (0,0) size 0x0
    RenderBlock {FORM} at (0,58) size 548x0
layer at (126,280) size 40x40
  RenderBlock (positioned) {INPUT} at (0,9) size 40x40 [color=#000000]
    RenderInline (generated) at (0,0) size 18x20 [color=#D9D9D9]
      RenderText at (11,11) size 18x20
        text run at (11,11) width 18: "\x{2714}"
layer at (126,330) size 548x59
  RenderBlock (relative positioned) {DIV} at (0,0) size 548x59 [border: none (1px dotted #CCCCCC) none]
    RenderBlock {DIV} at (0,0) size 548x58
      RenderBlock {LABEL} at (60,15) size 360x28 [color=#A9A9A9]
        RenderText {#text} at (0,2) size 360x24
          text run at (0,2) width 360: "three (checked)"
      RenderText {#text} at (0,0) size 0x0
      RenderText {#text} at (0,0) size 0x0
    RenderBlock {FORM} at (0,58) size 548x0
layer at (126,339) size 40x40
  RenderBlock (positioned) {INPUT} at (0,9) size 40x40 [color=#000000]
layer at (126,338) size 18x20
  RenderInline (relative positioned) at (0,0) size 18x20 [color=#85ADA7]
    RenderText at (11,11) size 18x20
      text run at (11,11) width 18: "\x{2714}"
layer at (126,389) size 548x59
  RenderBlock (relative positioned) {DIV} at (0,0) size 548x59 [border: none (1px dotted #CCCCCC) none]
    RenderBlock {DIV} at (0,0) size 548x58
      RenderBlock {LABEL} at (60,15) size 336x28
        RenderText {#text} at (0,2) size 336x24
          text run at (0,2) width 336: "four (checked)"
      RenderText {#text} at (0,0) size 0x0
      RenderText {#text} at (0,0) size 0x0
    RenderBlock {FORM} at (0,58) size 548x0
layer at (126,398) size 40x40
  RenderBlock (positioned) {INPUT} at (0,9) size 40x40 [color=#000000]
layer at (126,397) size 18x20
  RenderInline (relative positioned) at (0,0) size 18x20 [color=#85ADA7]
    RenderText at (11,11) size 18x20
      text run at (11,11) width 18: "\x{2714}"
caret: position 0 of child 0 {DIV} of {#shadow-root} of child 1 {INPUT} of child 3 {FORM} of child 3 {X-TODO-FORM} of child 1 {HEADER} of child 4 {SECTION} of body
#EOF
