Blocked access to external URL http://dart.googlecode.com/svn/branches/bleeding_edge/dart/client/dart.js
Blocked access to external URL http://dart.googlecode.com/svn/branches/bleeding_edge/dart/client/dart.js
Content-Type: text/plain
layer at (0,0) size 800x600
  RenderView at (0,0) size 800x600
layer at (0,0) size 800x418
  RenderBlock {HTML} at (0,0) size 800x418
    RenderBody {BODY} at (125,130) size 550x272 [color=#4D4D4D] [bgcolor=#EAEAEA]
      RenderBlock {FOOTER} at (0,148) size 550x124 [color=#A6A6A6]
        RenderBlock {P} at (0,0) size 550x19
          RenderText {#text} at (182,0) size 186x18
            text run at (182,0) width 186: "Double-click to edit a todo."
        RenderBlock {P} at (0,35) size 550x19
          RenderText {#text} at (196,0) size 85x18
            text run at (196,0) width 85: "Credits: the "
          RenderInline {A} at (0,0) size 31x18
            RenderText {#text} at (280,0) size 31x18
              text run at (280,0) width 31: "Dart"
          RenderText {#text} at (310,0) size 44x18
            text run at (310,0) width 44: " team."
        RenderBlock {P} at (0,70) size 550x19
          RenderText {#text} at (58,0) size 128x18
            text run at (58,0) width 128: "Learn more about "
          RenderInline {A} at (0,0) size 174x18
            RenderText {#text} at (185,0) size 174x18
              text run at (185,0) width 174: "Dart + Web Components"
          RenderText {#text} at (358,0) size 23x18
            text run at (358,0) width 5: " "
            text run at (362,0) width 19: "or "
          RenderInline {A} at (0,0) size 108x18
            RenderText {#text} at (380,0) size 108x18
              text run at (380,0) width 108: "view the source"
          RenderText {#text} at (487,0) size 5x18
            text run at (487,0) width 5: "."
        RenderBlock {P} at (0,105) size 550x19
          RenderText {#text} at (212,0) size 50x18
            text run at (212,0) width 50: "Part of "
          RenderInline {A} at (0,0) size 72x18
            RenderText {#text} at (262,0) size 72x18
              text run at (262,0) width 72: "TodoMVC"
          RenderText {#text} at (334,0) size 4x18
            text run at (334,0) width 4: "."
layer at (125,130) size 550x83
  RenderBlock (relative positioned) {SECTION} at (0,0) size 550x83 [bgcolor=#FFFFFFE6] [border: (1px solid #CCCCCC)]
    RenderBlock {HEADER} at (1,1) size 548x80
      RenderBlock (anonymous) at (0,15) size 548x0
        RenderInline {X-TODO-FORM} at (0,0) size 0x0
          RenderText {#text} at (0,0) size 0x0
          RenderText {#text} at (0,0) size 0x0
      RenderBlock (anonymous) at (0,15) size 548x65
        RenderBlock {FORM} at (0,0) size 548x65
          RenderText {#text} at (0,0) size 0x0
      RenderBlock (anonymous) at (0,80) size 548x0
        RenderInline {X-TODO-FORM} at (0,0) size 0x0
        RenderText {#text} at (0,0) size 0x0
layer at (166,131) size 4x81
  RenderBlock (positioned) at (41,1) size 4x81 [border: none (1px solid #F5D6D6) none (1px solid #F5D6D6)]
    RenderText at (0,0) size 0x0
layer at (126,69) size 548x19
  RenderBlock (positioned) {H1} at (1,-61) size 548x20 [color=#FFFFFF4C]
    RenderText {#text} at (178,-31) size 192x81
      text run at (178,-31) width 192: "todos"
layer at (126,131) size 548x16
  RenderBlock (positioned) zI: 2 at (1,1) size 548x16 [border: none (1px solid #6C615C) none]
    RenderText zI: 2 at (0,0) size 0x0
layer at (126,146) size 548x65
  RenderTextControl zI: 2 {INPUT} at (0,0) size 548x65 [bgcolor=#00000005]
layer at (186,162) size 472x33
  RenderBlock {DIV} at (60,16) size 472x33 [color=#A9A9A9]
    RenderText {#text} at (0,2) size 260x28
      text run at (0,2) width 260: "What needs to be done?"
layer at (186,162) size 472x33
  RenderBlock {DIV} at (60,16) size 472x33
layer at (126,211) size 548x1
  RenderBlock (relative positioned) zI: 2 {SECTION} at (1,81) size 548x1 [border: (1px dotted #ADADAD) none]
    RenderBlock (anonymous) at (0,1) size 548x0
      RenderInline {X-TOGGLE-ALL} at (0,0) size 0x0
        RenderText {#text} at (0,0) size 0x0
        RenderInline {LABEL} at (0,0) size 0x0
        RenderText {#text} at (0,0) size 0x0
      RenderText zI: 2 {#text} at (0,0) size 0x0
    RenderBlock {UL} at (0,1) size 548x0
layer at (115,159) size 65x41
  RenderBlock (positioned) {INPUT} at (-11,-52) size 65x41 [color=#000000]
    RenderInline (generated) at (0,0) size 66x39 [color=#D9D9D9]
      RenderText at (25,0) size 16x32
        text run at (25,0) width 16: "\x{BB}"
caret: position 0 of child 0 {DIV} of {#shadow-root} of child 1 {INPUT} of child 3 {FORM} of child 3 {X-TODO-FORM} of child 1 {HEADER} of child 4 {SECTION} of body
#EOF
