Blocked access to external URL http://dart.googlecode.com/svn/branches/bleeding_edge/dart/client/dart.js
Blocked access to external URL http://dart.googlecode.com/svn/branches/bleeding_edge/dart/client/dart.js
Content-Type: text/plain
layer at (0,0) size 800x600
  RenderView at (0,0) size 800x600
layer at (0,0) size 800x26
  RenderBlock {HTML} at (0,0) size 800x26
    RenderBody {BODY} at (8,8) size 784x10
      RenderBlock {DIV} at (0,0) size 784x10
        RenderBlock {DIV} at (0,0) size 784x10
          RenderText {#text} at (0,0) size 234x10
            text run at (0,0) width 234: "this should say 'hello': "
          RenderText {#text} at (234,0) size 50x10
            text run at (234,0) width 50: "hello"
#EOF
