Blocked access to external URL http://dart.googlecode.com/svn/branches/bleeding_edge/dart/client/dart.js
Blocked access to external URL http://dart.googlecode.com/svn/branches/bleeding_edge/dart/client/dart.js
Content-Type: text/plain
layer at (0,0) size 800x600
  RenderView at (0,0) size 800x600
layer at (0,0) size 800x32
  RenderBlock {HTML} at (0,0) size 800x32
    RenderBody {BODY} at (8,8) size 784x16
      RenderBlock {DIV} at (0,0) size 784x16
        RenderText {#text} at (0,0) size 80x16
          text run at (0,0) width 80: "hello"
#EOF
